[2m../dist/public/[22m[2massets/[22m[36mBreadthCard-B-uUhxV5.js          [39m[1m[2m  3.06 kB[22m[1m[22m[2m │ gzip:   1.15 kB[22m
[2m../dist/public/[22m[2massets/[22m[36mOfiHistogram-5uMYJ6J-.js         [39m[1m[2m  3.78 kB[22m[1m[22m[2m │ gzip:   1.56 kB[22m
[2m../dist/public/[22m[2massets/[22m[36mCanaryStrip-DDVQqd7Y.js          [39m[1m[2m  4.56 kB[22m[1m[22m[2m │ gzip:   1.79 kB[22m
[2m../dist/public/[22m[2massets/[22m[36mTrackedSignalsPanel-CMq4OuSG.js  [39m[1m[2m  6.43 kB[22m[1m[22m[2m │ gzip:   2.10 kB[22m
[2m../dist/public/[22m[2massets/[22m[36mMag7Panel-DiJOnMvv.js            [39m[1m[2m  7.05 kB[22m[1m[22m[2m │ gzip:   2.15 kB[22m
[2m../dist/public/[22m[2massets/[22m[36mThermalHeatmap-CFsW5nmR.js       [39m[1m[2m  9.07 kB[22m[1m[22m[2m │ gzip:   3.52 kB[22m
[2m../dist/public/[22m[2massets/[22m[36mDepthSkewFlow-CNB0NqVL.js        [39m[1m[2m  9.37 kB[22m[1m[22m[2m │ gzip:   3.05 kB[22m
[2m../dist/public/[22m[2massets/[22m[36mMLAccuracyCard-D5-be6tq.js       [39m[1m[2m 10.59 kB[22m[1m[22m[2m │ gzip:   3.08 kB[22m
[2m../dist/public/[22m[2massets/[22m[36mOdteForward-CjwIRaZU.js          [39m[1m[2m 11.46 kB[22m[1m[22m[2m │ gzip:   4.09 kB[22m
[2m../dist/public/[22m[2massets/[22m[36mDailyPlaybookChart-usMOf-Rk.js   [39m[1m[2m 12.27 kB[22m[1m[22m[2m │ gzip:   4.29 kB[22m
[2m../dist/public/[22m[2massets/[22m[36mLaunchSplash-BsQEbWxN.js         [39m[1m[2m 16.22 kB[22m[1m[22m[2m │ gzip:   4.90 kB[22m
[2m../dist/public/[22m[2massets/[22m[36mCryptoPanel-DvOmKlgo.js          [39m[1m[2m 17.20 kB[22m[1m[22m[2m │ gzip:   5.45 kB[22m
[2m../dist/public/[22m[2massets/[22m[36mvendor-icons-DZ1aMybJ.js         [39m[1m[2m 21.38 kB[22m[1m[22m[2m │ gzip:   6.78 kB[22m
[2m../dist/public/[22m[2massets/[22m[36mMLProjectionPanel-C0UG2h33.js    [39m[1m[2m 25.18 kB[22m[1m[22m[2m │ gzip:   8.32 kB[22m
[2m../dist/public/[22m[2massets/[22m[36mCosmosPanel-D6tImaJV.js          [39m[1m[2m 29.07 kB[22m[1m[22m[2m │ gzip:   7.61 kB[22m
[2m../dist/public/[22m[2massets/[22m[36mWhaleFlowPanel-awnW30kA.js       [39m[1m[2m 31.16 kB[22m[1m[22m[2m │ gzip:   6.24 kB[22m
[2m../dist/public/[22m[2massets/[22m[36mLiveOdteTracker-BegEppdI.js      [39m[1m[2m 31.65 kB[22m[1m[22m[2m │ gzip:   8.43 kB[22m
[2m../dist/public/[22m[2massets/[22m[36mFlowPanel-CBvOfy3i.js            [39m[1m[2m 40.28 kB[22m[1m[22m[2m │ gzip:  10.04 kB[22m
[2m../dist/public/[22m[2massets/[22m[36mHeatseeker-D67DnGOC.js           [39m[1m[2m 42.24 kB[22m[1m[22m[2m │ gzip:  12.41 kB[22m
[2m../dist/public/[22m[2massets/[22m[36mTradeDesk-BwAFjffi.js            [39m[1m[2m 81.28 kB[22m[1m[22m[2m │ gzip:  20.23 kB[22m
[2m../dist/public/[22m[2massets/[22m[36mvendor-radix-BdRwt9T0.js         [39m[1m[2m 98.29 kB[22m[1m[22m[2m │ gzip:  29.03 kB[22m
[2m../dist/public/[22m[2massets/[22m[36mChartPanel-C3H78mvd.js           [39m[1m[2m100.00 kB[22m[1m[22m[2m │ gzip:  25.85 kB[22m
[2m../dist/public/[22m[2massets/[22m[36mModelsPanel-Cg4lG44u.js          [39m[1m[2m113.27 kB[22m[1m[22m[2m │ gzip:  26.46 kB[22m
[2m../dist/public/[22m[2massets/[22m[36mvendor-motion-B0r6xiNP.js        [39m[1m[2m114.21 kB[22m[1m[22m[2m │ gzip:  37.73 kB[22m
[2m../dist/public/[22m[2massets/[22m[36mRegimePanel-zmMBOw3O.js          [39m[1m[2m118.73 kB[22m[1m[22m[2m │ gzip:  28.30 kB[22m
[2m../dist/public/[22m[2massets/[22m[36mvendor-markdown-Bn-alDSy.js      [39m[1m[2m141.60 kB[22m[1m[22m[2m │ gzip:  41.66 kB[22m
[2m../dist/public/[22m[2massets/[22m[36mindex-DKYR71jZ.js                [39m[1m[2m249.69 kB[22m[1m[22m[2m │ gzip:  65.38 kB[22m
[2m../dist/public/[22m[2massets/[22m[36mvendor-charts-HkloXy8n.js        [39m[1m[2m272.93 kB[22m[1m[22m[2m │ gzip:  62.77 kB[22m
[2m../dist/public/[22m[2massets/[22m[36mvendor-CKNYhDUM.js               [39m[1m[2m587.15 kB[22m[1m[22m[2m │ gzip: 194.29 kB[22m
[32m✓ built in 8.05s[39m
