[sector-web] no bars for TMUS (schwab returned empty candles)
[sector-web] no bars for DIS (schwab returned empty candles)
[sector-web] no bars for CMCSA (schwab returned empty candles)
[schwab] not authenticated, returning empty candles
[schwab] not authenticated, returning empty candles
[schwab] not authenticated, returning empty candles
[schwab] not authenticated, returning empty candles
[schwab] not authenticated, returning empty candles
[schwab] not authenticated, returning empty candles
[schwab] not authenticated, returning empty candles
[schwab] not authenticated, returning empty candles
[sector-web] no bars for WBD (schwab returned empty candles)
[sector-web] no bars for CHTR (schwab returned empty candles)
[sector-web] no bars for T (schwab returned empty candles)
[sector-web] no bars for VZ (schwab returned empty candles)
[sector-web] no bars for EA (schwab returned empty candles)
[sector-web] no bars for TTWO (schwab returned empty candles)
[sector-web] no bars for XLY (schwab returned empty candles)
[sector-web] no bars for AMZN (schwab returned empty candles)
[schwab] not authenticated, returning empty candles
[schwab] not authenticated, returning empty candles
[schwab] not authenticated, returning empty candles
[schwab] not authenticated, returning empty candles
[schwab] not authenticated, returning empty candles
[schwab] not authenticated, returning empty candles
[schwab] not authenticated, returning empty candles
[schwab] not authenticated, returning empty candles
[sector-web] no bars for TSLA (schwab returned empty candles)
[sector-web] no bars for HD (schwab returned empty candles)
[sector-web] no bars for MCD (schwab returned empty candles)
[sector-web] no bars for LOW (schwab returned empty candles)
[sector-web] no bars for NKE (schwab returned empty candles)
[sector-web] no bars for SBUX (schwab returned empty candles)
[sector-web] no bars for BKNG (schwab returned empty candles)
[sector-web] no bars for CMG (schwab returned empty candles)
[schwab] not authenticated, returning empty candles
[schwab] not authenticated, returning empty candles
[schwab] not authenticated, returning empty candles
[schwab] not authenticated, returning empty candles
[schwab] not authenticated, returning empty candles
[schwab] not authenticated, returning empty candles
[schwab] not authenticated, returning empty candles
[schwab] not authenticated, returning empty candles
[sector-web] no bars for ABNB (schwab returned empty candles)
[sector-web] no bars for MAR (schwab returned empty candles)
[sector-web] no bars for F (schwab returned empty candles)
[sector-web] no bars for GM (schwab returned empty candles)
[sector-web] no bars for XLP (schwab returned empty candles)
[sector-web] no bars for COST (schwab returned empty candles)
[sector-web] no bars for WMT (schwab returned empty candles)
[sector-web] no bars for PG (schwab returned empty candles)
[schwab] not authenticated, returning empty candles
[schwab] not authenticated, returning empty candles
[schwab] not authenticated, returning empty candles
[schwab] not authenticated, returning empty candles
[schwab] not authenticated, returning empty candles
[schwab] not authenticated, returning empty candles
[schwab] not authenticated, returning empty candles
[schwab] not authenticated, returning empty candles
[sector-web] no bars for KO (schwab returned empty candles)
[sector-web] no bars for PEP (schwab returned empty candles)
[sector-web] no bars for PM (schwab returned empty candles)
[sector-web] no bars for MDLZ (schwab returned empty candles)
[sector-web] no bars for MO (schwab returned empty candles)
[sector-web] no bars for CL (schwab returned empty candles)
[sector-web] no bars for KMB (schwab returned empty candles)
[sector-web] no bars for TGT (schwab returned empty candles)
[schwab] not authenticated, returning empty candles
[schwab] not authenticated, returning empty candles
[schwab] not authenticated, returning empty candles
[schwab] not authenticated, returning empty candles
[schwab] not authenticated, returning empty candles
[schwab] not authenticated, returning empty candles
[schwab] not authenticated, returning empty candles
[schwab] not authenticated, returning empty candles
[sector-web] no bars for KR (schwab returned empty candles)
[sector-web] no bars for XLF (schwab returned empty candles)
[sector-web] no bars for JPM (schwab returned empty candles)
[sector-web] no bars for BRK-B (schwab returned empty candles)
[sector-web] no bars for V (schwab returned empty candles)
[sector-web] no bars for MA (schwab returned empty candles)
[sector-web] no bars for BAC (schwab returned empty candles)
[sector-web] no bars for WFC (schwab returned empty candles)
[schwab] not authenticated, returning empty candles
[schwab] not authenticated, returning empty candles
[schwab] not authenticated, returning empty candles
[schwab] not authenticated, returning empty candles
[schwab] not authenticated, returning empty candles
[schwab] not authenticated, returning empty candles
[schwab] not authenticated, returning empty candles
[schwab] not authenticated, returning empty candles
[sector-web] no bars for GS (schwab returned empty candles)
[sector-web] no bars for MS (schwab returned empty candles)
[sector-web] no bars for C (schwab returned empty candles)
[sector-web] no bars for AXP (schwab returned empty candles)
[sector-web] no bars for SCHW (schwab returned empty candles)
[sector-web] no bars for BLK (schwab returned empty candles)
[sector-web] no bars for COIN (schwab returned empty candles)
[sector-web] no bars for HOOD (schwab returned empty candles)
[schwab] not authenticated, returning empty candles
[schwab] not authenticated, returning empty candles
[schwab] not authenticated, returning empty candles
[schwab] not authenticated, returning empty candles
[schwab] not authenticated, returning empty candles
[schwab] not authenticated, returning empty candles
[schwab] not authenticated, returning empty candles
[schwab] not authenticated, returning empty candles
[sector-web] no bars for XLV (schwab returned empty candles)
[sector-web] no bars for LLY (schwab returned empty candles)
[sector-web] no bars for UNH (schwab returned empty candles)
[sector-web] no bars for JNJ (schwab returned empty candles)
[sector-web] no bars for ABBV (schwab returned empty candles)
[sector-web] no bars for MRK (schwab returned empty candles)
[sector-web] no bars for TMO (schwab returned empty candles)
[sector-web] no bars for ABT (schwab returned empty candles)
[schwab] not authenticated, returning empty candles
[schwab] not authenticated, returning empty candles
[schwab] not authenticated, returning empty candles
[schwab] not authenticated, returning empty candles
[schwab] not authenticated, returning empty candles
[schwab] not authenticated, returning empty candles
[schwab] not authenticated, returning empty candles
[schwab] not authenticated, returning empty candles
[sector-web] no bars for PFE (schwab returned empty candles)
[sector-web] no bars for DHR (schwab returned empty candles)
[sector-web] no bars for BMY (schwab returned empty candles)
[sector-web] no bars for AMGN (schwab returned empty candles)
[sector-web] no bars for GILD (schwab returned empty candles)
[sector-web] no bars for VRTX (schwab returned empty candles)
[sector-web] no bars for XLI (schwab returned empty candles)
[sector-web] no bars for GE (schwab returned empty candles)
[schwab] not authenticated, returning empty candles
[schwab] not authenticated, returning empty candles
[schwab] not authenticated, returning empty candles
[schwab] not authenticated, returning empty candles
[schwab] not authenticated, returning empty candles
[schwab] not authenticated, returning empty candles
[schwab] not authenticated, returning empty candles
[schwab] not authenticated, returning empty candles
[sector-web] no bars for CAT (schwab returned empty candles)
[sector-web] no bars for RTX (schwab returned empty candles)
[sector-web] no bars for HON (schwab returned empty candles)
[sector-web] no bars for UBER (schwab returned empty candles)
[sector-web] no bars for UNP (schwab returned empty candles)
[sector-web] no bars for ETN (schwab returned empty candles)
[sector-web] no bars for BA (schwab returned empty candles)
[sector-web] no bars for LMT (schwab returned empty candles)
[schwab] not authenticated, returning empty candles
[schwab] not authenticated, returning empty candles
[schwab] not authenticated, returning empty candles
[schwab] not authenticated, returning empty candles
[schwab] not authenticated, returning empty candles
[schwab] not authenticated, returning empty candles
[schwab] not authenticated, returning empty candles
[schwab] not authenticated, returning empty candles
[sector-web] no bars for DE (schwab returned empty candles)
[sector-web] no bars for UPS (schwab returned empty candles)
[sector-web] no bars for FDX (schwab returned empty candles)
[sector-web] no bars for NOC (schwab returned empty candles)
[sector-web] no bars for XLE (schwab returned empty candles)
[sector-web] no bars for XOM (schwab returned empty candles)
[sector-web] no bars for CVX (schwab returned empty candles)
[sector-web] no bars for COP (schwab returned empty candles)
[schwab] not authenticated, returning empty candles
[schwab] not authenticated, returning empty candles
[schwab] not authenticated, returning empty candles
[schwab] not authenticated, returning empty candles
[schwab] not authenticated, returning empty candles
[schwab] not authenticated, returning empty candles
[schwab] not authenticated, returning empty candles
[schwab] not authenticated, returning empty candles
[sector-web] no bars for SLB (schwab returned empty candles)
[sector-web] no bars for EOG (schwab returned empty candles)
[sector-web] no bars for PSX (schwab returned empty candles)
[sector-web] no bars for MPC (schwab returned empty candles)
[sector-web] no bars for OXY (schwab returned empty candles)
[sector-web] no bars for VLO (schwab returned empty candles)
[sector-web] no bars for HES (schwab returned empty candles)
[sector-web] no bars for FANG (schwab returned empty candles)
[schwab] not authenticated, returning empty candles
[schwab] not authenticated, returning empty candles
[schwab] not authenticated, returning empty candles
[schwab] not authenticated, returning empty candles
[schwab] not authenticated, returning empty candles
[schwab] not authenticated, returning empty candles
[schwab] not authenticated, returning empty candles
[schwab] not authenticated, returning empty candles
[sector-web] no bars for PXD (schwab returned empty candles)
[sector-web] no bars for XLU (schwab returned empty candles)
[sector-web] no bars for NEE (schwab returned empty candles)
[sector-web] no bars for SO (schwab returned empty candles)
[sector-web] no bars for DUK (schwab returned empty candles)
[sector-web] no bars for CEG (schwab returned empty candles)
[sector-web] no bars for VST (schwab returned empty candles)
[sector-web] no bars for AEP (schwab returned empty candles)
[schwab] not authenticated, returning empty candles
[schwab] not authenticated, returning empty candles
[schwab] not authenticated, returning empty candles
[schwab] not authenticated, returning empty candles
[schwab] not authenticated, returning empty candles
[schwab] not authenticated, returning empty candles
[schwab] not authenticated, returning empty candles
[schwab] not authenticated, returning empty candles
[sector-web] no bars for D (schwab returned empty candles)
[sector-web] no bars for EXC (schwab returned empty candles)
[sector-web] no bars for SRE (schwab returned empty candles)
[sector-web] no bars for XEL (schwab returned empty candles)
[sector-web] no bars for PCG (schwab returned empty candles)
[sector-web] no bars for ED (schwab returned empty candles)
[sector-web] no bars for XLB (schwab returned empty candles)
[sector-web] no bars for LIN (schwab returned empty candles)
[schwab] not authenticated, returning empty candles
[schwab] not authenticated, returning empty candles
[schwab] not authenticated, returning empty candles
[schwab] not authenticated, returning empty candles
[schwab] not authenticated, returning empty candles
[schwab] not authenticated, returning empty candles
[schwab] not authenticated, returning empty candles
[schwab] not authenticated, returning empty candles
[sector-web] no bars for SHW (schwab returned empty candles)
[sector-web] no bars for APD (schwab returned empty candles)
[sector-web] no bars for ECL (schwab returned empty candles)
[sector-web] no bars for FCX (schwab returned empty candles)
[sector-web] no bars for NEM (schwab returned empty candles)
[sector-web] no bars for DOW (schwab returned empty candles)
[sector-web] no bars for DD (schwab returned empty candles)
[sector-web] no bars for NUE (schwab returned empty candles)
[schwab] not authenticated, returning empty candles
[schwab] not authenticated, returning empty candles
[schwab] not authenticated, returning empty candles
[schwab] not authenticated, returning empty candles
[schwab] not authenticated, returning empty candles
[schwab] not authenticated, returning empty candles
[schwab] not authenticated, returning empty candles
[schwab] not authenticated, returning empty candles
[sector-web] no bars for CTVA (schwab returned empty candles)
[sector-web] no bars for MLM (schwab returned empty candles)
[sector-web] no bars for VMC (schwab returned empty candles)
[sector-web] no bars for XLRE (schwab returned empty candles)
[sector-web] no bars for PLD (schwab returned empty candles)
[sector-web] no bars for AMT (schwab returned empty candles)
[sector-web] no bars for EQIX (schwab returned empty candles)
[sector-web] no bars for WELL (schwab returned empty candles)
[schwab] not authenticated, returning empty candles
[schwab] not authenticated, returning empty candles
[schwab] not authenticated, returning empty candles
[schwab] not authenticated, returning empty candles
[schwab] not authenticated, returning empty candles
[schwab] not authenticated, returning empty candles
[schwab] not authenticated, returning empty candles
[schwab] not authenticated, returning empty candles
[sector-web] no bars for SPG (schwab returned empty candles)
[sector-web] no bars for O (schwab returned empty candles)
[sector-web] no bars for PSA (schwab returned empty candles)
[sector-web] no bars for CCI (schwab returned empty candles)
[sector-web] no bars for DLR (schwab returned empty candles)
[sector-web] no bars for VICI (schwab returned empty candles)
[sector-web] no bars for EXR (schwab returned empty candles)
[sector-web] no bars for AVB (schwab returned empty candles)
[schwab] not authenticated, returning empty candles
[schwab] not authenticated, returning empty candles
[schwab] not authenticated, returning empty candles
[schwab] not authenticated, returning empty candles
[schwab] not authenticated, returning empty candles
[schwab] not authenticated, returning empty candles
[schwab] not authenticated, returning empty candles
[schwab] not authenticated, returning empty candles
[sector-web] no bars for QQQ (schwab returned empty candles)
[sector-web] no bars for MSTR (schwab returned empty candles)
[sector-web] no bars for AFRM (schwab returned empty candles)
[sector-web] no bars for SOFI (schwab returned empty candles)
[sector-web] no bars for RIVN (schwab returned empty candles)
[sector-web] no bars for LCID (schwab returned empty candles)
[sector-web] no bars for DKNG (schwab returned empty candles)
[sector-web] no bars for RBLX (schwab returned empty candles)
[schwab] not authenticated, returning empty candles
[schwab] not authenticated, returning empty candles
[schwab] not authenticated, returning empty candles
[schwab] not authenticated, returning empty candles
[sector-web] no bars for SNOW (schwab returned empty candles)
[sector-web] no bars for NET (schwab returned empty candles)
[sector-web] no bars for CRWD (schwab returned empty candles)
[sector-web] no bars for ZS (schwab returned empty candles)
6:41:55 PM [express] GET /api/sector-web 200 in 8ms
6:41:55 PM [express] GET /api/signals/tracked 200 in 2ms
6:41:55 PM [express] GET /api/skew 200 in 1ms
[schwab] not authenticated, returning empty quotes
[schwab] not authenticated, returning empty quotes
[schwab] not authenticated, returning empty quotes
[schwab] not authenticated, returning empty quotes
[schwab] not authenticated, returning empty quotes
[schwab] not authenticated, returning empty quotes
6:41:56 PM [express] GET /api/snapshot 200 in 128ms
6:41:56 PM [express] GET /api/ticker-calendar 400 in 0ms
6:41:56 PM [express] GET /api/ticker-outlook 400 in 1ms
6:41:56 PM [express] GET /api/ticker-projection 400 in 1ms
[schwab] not authenticated, returning empty candles
[schwab] not authenticated, returning empty candles
[schwab] not authenticated, returning empty candles
[schwab] not authenticated, returning empty candles
[schwab] not authenticated, returning empty candles
[schwab] not authenticated, returning empty candles
[schwab] not authenticated, returning empty quotes
[schwab] not authenticated, returning empty quotes
[schwab] not authenticated, returning empty quotes
[schwab] not authenticated, returning empty quotes
[schwab] not authenticated, returning empty quotes
[schwab] not authenticated, returning empty quotes
6:41:56 PM [express] GET /api/trade-desk 503 in 113ms
[schwab] not authenticated, returning empty quotes
[schwab] not authenticated, returning empty quotes
[schwab] not authenticated, returning empty quotes
[schwab] not authenticated, returning empty candles
[schwab] not authenticated, returning empty candles
6:41:56 PM [express] GET /api/trade-environment 200 in 3ms
6:41:56 PM [express] GET /api/underperformers 200 in 1ms
6:41:56 PM [express] GET /api/uoa/preview 200 in 1ms
6:41:56 PM [express] GET /api/voices 200 in 1ms
6:41:56 PM [express] GET /api/voices/list 200 in 1ms
6:41:56 PM [express] GET /api/vol-calendar 200 in 1ms
[schwab] not authenticated, returning empty candles
[schwab] not authenticated, returning empty candles
[schwab] not authenticated, returning empty candles
[schwab] not authenticated, returning empty candles
[schwab] not authenticated, returning empty candles
[schwab] not authenticated, returning empty candles
[schwab] not authenticated, returning empty candles
[schwab] not authenticated, returning empty candles
[schwab] not authenticated, returning empty candles
[schwab] not authenticated, returning empty candles
[schwab] not authenticated, returning empty candles
[schwab] not authenticated, returning empty candles
[schwab] not authenticated, returning empty candles
[schwab] not authenticated, returning empty candles
[schwab] not authenticated, returning empty candles
[schwab] not authenticated, returning empty candles
[schwab] not authenticated, returning empty candles
[schwab] not authenticated, returning empty candles
[schwab] not authenticated, returning empty candles
[schwab] not authenticated, returning empty candles
[schwab] not authenticated, returning empty candles
[schwab] not authenticated, returning empty candles
[schwab] not authenticated, returning empty candles
[schwab] not authenticated, returning empty candles
[schwab] not authenticated, returning empty candles
[schwab] not authenticated, returning empty candles
[schwab] not authenticated, returning empty candles
[schwab] not authenticated, returning empty candles
[schwab] not authenticated, returning empty candles
[schwab] not authenticated, returning empty candles
[schwab] not authenticated, returning empty candles
[schwab] not authenticated, returning empty candles
[schwab] not authenticated, returning empty candles
[schwab] not authenticated, returning empty candles
[schwab] not authenticated, returning empty candles
[schwab] not authenticated, returning empty candles
[schwab] not authenticated, returning empty candles
[schwab] not authenticated, returning empty candles
[schwab] not authenticated, returning empty candles
[schwab] not authenticated, returning empty candles
[schwab] not authenticated, returning empty candles
[schwab] not authenticated, returning empty candles
[schwab] not authenticated, returning empty candles
[schwab] not authenticated, returning empty candles
[schwab] not authenticated, returning empty candles
[schwab] not authenticated, returning empty candles
[schwab] not authenticated, returning empty candles
[schwab] not authenticated, returning empty candles
[schwab] not authenticated, returning empty candles
[schwab] not authenticated, returning empty candles
[schwab] not authenticated, returning empty candles
[schwab] not authenticated, returning empty candles
[schwab] not authenticated, returning empty candles
[schwab] not authenticated, returning empty candles
[schwab] not authenticated, returning empty candles
[schwab] not authenticated, returning empty candles
[schwab] not authenticated, returning empty candles
[schwab] not authenticated, returning empty candles
[schwab] not authenticated, returning empty candles
[schwab] not authenticated, returning empty candles
[schwab] not authenticated, returning empty candles
[schwab] not authenticated, returning empty candles
[schwab] not authenticated, returning empty candles
[schwab] not authenticated, returning empty candles
[schwab] not authenticated, returning empty candles
[schwab] not authenticated, returning empty candles
[schwab] not authenticated, returning empty candles
[schwab] not authenticated, returning empty candles
[schwab] not authenticated, returning empty candles
[schwab] not authenticated, returning empty candles
[schwab] not authenticated, returning empty candles
[schwab] not authenticated, returning empty candles
[schwab] not authenticated, returning empty candles
[schwab] not authenticated, returning empty candles
[schwab] not authenticated, returning empty candles
[schwab] not authenticated, returning empty candles
[schwab] not authenticated, returning empty candles
[schwab] not authenticated, returning empty candles
6:41:57 PM [express] GET /api/wef-themes 200 in 1167ms
6:41:57 PM [express] GET /api/whales/performance 200 in 1ms
